
LOAD MAP

DK0:ZTABLE.OBJ[1]    ABS    BEG ADDR C000    END ADDR C0E3
DK0:MOD1  .OBJ[1]    REL    BEG ADDR C0E4    END ADDR C33F
DK0:MOD2  .OBJ[1]    REL    BEG ADDR C340    END ADDR C4A0
DK0:MOD3  .OBJ[1]    REL    BEG ADDR C4A1    END ADDR C726
DK0:MOD4  .OBJ[1]    REL    BEG ADDR C727    END ADDR CBD3
DK0:MOD5  .OBJ[1]    REL    BEG ADDR CBD4    END ADDR CE17
DK0:MOD5A .OBJ[1]    REL    BEG ADDR CE18    END ADDR CF7C
DK0:MOD5D .OBJ[1]    REL    BEG ADDR CF7D    END ADDR D27B
DK0:MOD6  .OBJ[1]    REL    BEG ADDR D27C    END ADDR D55C
DK0:MOD7  .OBJ[1]    REL    BEG ADDR D55D    END ADDR D8BA
DK0:MOD9  .OBJ[1]    REL    BEG ADDR D8BB    END ADDR DA9C
DK0:MOD10 .OBJ[1]    REL    BEG ADDR DA9D    END ADDR DCCB
DK0:FOTAB .OBJ[1]    REL    BEG ADDR DCCC    END ADDR DD93
DK0:XTABLE.OBJ[1]    REL    BEG ADDR DD94    END ADDR DE55
DK0:KWDLIS.OBJ[1]    REL    BEG ADDR DE56    END ADDR DFD6
